// Jest Snapshot v1, https://goo.gl/fbAQLP

exports[`<App /> matches the snap shot 1`] = `
<h1>
  I am the app
</h1>
`;
